Copyright 1986-2022 Xilinx, Inc. All Rights Reserved.
------------------------------------------------------------------------------------------
| Tool Version : Vivado v.2022.2 (lin64) Build 3671981 Fri Oct 14 04:59:54 MDT 2022
| Date         : Thu Apr 27 03:07:38 2023
| Host         : theo-ubuntu running 64-bit Ubuntu 22.04.1 LTS
| Command      : report_control_sets -verbose -file axi_fsk_demod_control_sets_placed.rpt
| Design       : axi_fsk_demod
| Device       : xc7z020
------------------------------------------------------------------------------------------

Control Set Information

Table of Contents
-----------------
1. Summary
2. Histogram
3. Flip-Flop Distribution
4. Detailed Control Set Information

1. Summary
----------

+----------------------------------------------------------+-------+
|                          Status                          | Count |
+----------------------------------------------------------+-------+
| Total control sets                                       |   108 |
|    Minimum number of control sets                        |   108 |
|    Addition due to synthesis replication                 |     0 |
|    Addition due to physical synthesis replication        |     0 |
| Unused register locations in slices containing registers |    26 |
+----------------------------------------------------------+-------+
* Control sets can be merged at opt_design using control_set_merge or merge_equivalent_drivers
** Run report_qor_suggestions for automated merging and remapping suggestions


2. Histogram
------------

+--------------------+-------+
|       Fanout       | Count |
+--------------------+-------+
| Total control sets |   108 |
| >= 0 to < 4        |     1 |
| >= 4 to < 6        |     1 |
| >= 6 to < 8        |     1 |
| >= 8 to < 10       |   100 |
| >= 10 to < 12      |     0 |
| >= 12 to < 14      |     0 |
| >= 14 to < 16      |     0 |
| >= 16              |     5 |
+--------------------+-------+
* Control sets can be remapped at either synth_design or opt_design


3. Flip-Flop Distribution
-------------------------

+--------------+-----------------------+------------------------+-----------------+--------------+
| Clock Enable | Synchronous Set/Reset | Asynchronous Set/Reset | Total Registers | Total Slices |
+--------------+-----------------------+------------------------+-----------------+--------------+
| No           | No                    | No                     |             625 |          193 |
| No           | No                    | Yes                    |               0 |            0 |
| No           | Yes                   | No                     |               7 |            3 |
| Yes          | No                    | No                     |            1110 |          315 |
| Yes          | No                    | Yes                    |               0 |            0 |
| Yes          | Yes                   | No                     |               0 |            0 |
+--------------+-----------------------+------------------------+-----------------+--------------+


4. Detailed Control Set Information
-----------------------------------

+-----------------------+------------------------------+-----------------------------+------------------+----------------+--------------+
|      Clock Signal     |         Enable Signal        |       Set/Reset Signal      | Slice Load Count | Bel Load Count | Bels / Slice |
+-----------------------+------------------------------+-----------------------------+------------------+----------------+--------------+
|  i_axis_clk_IBUF_BUFG |                              | out_valid3_out              |                1 |              1 |         1.00 |
|  i_axis_clk_IBUF_BUFG | cmult_lo/E[0]                |                             |                2 |              4 |         2.00 |
|  i_axis_clk_IBUF_BUFG |                              | cmult_lo/cmult_lo_start_reg |                2 |              6 |         3.00 |
|  i_axis_clk_IBUF_BUFG | sample_buffer[71][7]_i_1_n_0 |                             |                1 |              8 |         8.00 |
|  i_axis_clk_IBUF_BUFG | sample_buffer[27][7]_i_1_n_0 |                             |                2 |              8 |         4.00 |
|  i_axis_clk_IBUF_BUFG | sample_buffer[70][7]_i_1_n_0 |                             |                2 |              8 |         4.00 |
|  i_axis_clk_IBUF_BUFG | sample_buffer[6][7]_i_1_n_0  |                             |                1 |              8 |         8.00 |
|  i_axis_clk_IBUF_BUFG | sample_buffer[69][7]_i_1_n_0 |                             |                1 |              8 |         8.00 |
|  i_axis_clk_IBUF_BUFG | sample_buffer[68][7]_i_1_n_0 |                             |                2 |              8 |         4.00 |
|  i_axis_clk_IBUF_BUFG | sample_buffer[67][7]_i_1_n_0 |                             |                1 |              8 |         8.00 |
|  i_axis_clk_IBUF_BUFG | sample_buffer[66][7]_i_1_n_0 |                             |                3 |              8 |         2.67 |
|  i_axis_clk_IBUF_BUFG | sample_buffer[65][7]_i_1_n_0 |                             |                2 |              8 |         4.00 |
|  i_axis_clk_IBUF_BUFG | sample_buffer[64][7]_i_1_n_0 |                             |                4 |              8 |         2.00 |
|  i_axis_clk_IBUF_BUFG | sample_buffer[63][7]_i_1_n_0 |                             |                8 |              8 |         1.00 |
|  i_axis_clk_IBUF_BUFG | sample_buffer[62][7]_i_1_n_0 |                             |                3 |              8 |         2.67 |
|  i_axis_clk_IBUF_BUFG | sample_buffer[61][7]_i_1_n_0 |                             |                1 |              8 |         8.00 |
|  i_axis_clk_IBUF_BUFG | sample_buffer[60][7]_i_1_n_0 |                             |                5 |              8 |         1.60 |
|  i_axis_clk_IBUF_BUFG | sample_buffer[5][7]_i_1_n_0  |                             |                1 |              8 |         8.00 |
|  i_axis_clk_IBUF_BUFG | sample_buffer[59][7]_i_1_n_0 |                             |                2 |              8 |         4.00 |
|  i_axis_clk_IBUF_BUFG | sample_buffer[58][7]_i_1_n_0 |                             |                2 |              8 |         4.00 |
|  i_axis_clk_IBUF_BUFG | sample_buffer[57][7]_i_1_n_0 |                             |                1 |              8 |         8.00 |
|  i_axis_clk_IBUF_BUFG | sample_buffer[56][7]_i_1_n_0 |                             |                1 |              8 |         8.00 |
|  i_axis_clk_IBUF_BUFG | sample_buffer[55][7]_i_1_n_0 |                             |                1 |              8 |         8.00 |
|  i_axis_clk_IBUF_BUFG | sample_buffer[54][7]_i_1_n_0 |                             |                1 |              8 |         8.00 |
|  i_axis_clk_IBUF_BUFG | sample_buffer[53][7]_i_1_n_0 |                             |                1 |              8 |         8.00 |
|  i_axis_clk_IBUF_BUFG | sample_buffer[52][7]_i_1_n_0 |                             |                1 |              8 |         8.00 |
|  i_axis_clk_IBUF_BUFG | sample_buffer[29][7]_i_1_n_0 |                             |                1 |              8 |         8.00 |
|  i_axis_clk_IBUF_BUFG | sample_buffer[28][7]_i_1_n_0 |                             |                3 |              8 |         2.67 |
|  i_axis_clk_IBUF_BUFG | sample_buffer[9][7]_i_1_n_0  |                             |                8 |              8 |         1.00 |
|  i_axis_clk_IBUF_BUFG | sample_buffer[84][7]_i_1_n_0 |                             |                1 |              8 |         8.00 |
|  i_axis_clk_IBUF_BUFG | sample_buffer[99][7]_i_1_n_0 |                             |                1 |              8 |         8.00 |
|  i_axis_clk_IBUF_BUFG | sample_buffer[98][7]_i_1_n_0 |                             |                3 |              8 |         2.67 |
|  i_axis_clk_IBUF_BUFG | sample_buffer[96][7]_i_1_n_0 |                             |                2 |              8 |         4.00 |
|  i_axis_clk_IBUF_BUFG | sample_buffer[95][7]_i_1_n_0 |                             |                8 |              8 |         1.00 |
|  i_axis_clk_IBUF_BUFG | sample_buffer[94][7]_i_1_n_0 |                             |                5 |              8 |         1.60 |
|  i_axis_clk_IBUF_BUFG | sample_buffer[93][7]_i_1_n_0 |                             |                1 |              8 |         8.00 |
|  i_axis_clk_IBUF_BUFG | sample_buffer[92][7]_i_1_n_0 |                             |                1 |              8 |         8.00 |
|  i_axis_clk_IBUF_BUFG | sample_buffer[91][7]_i_1_n_0 |                             |                1 |              8 |         8.00 |
|  i_axis_clk_IBUF_BUFG | sample_buffer[90][7]_i_1_n_0 |                             |                1 |              8 |         8.00 |
|  i_axis_clk_IBUF_BUFG | sample_buffer[8][7]_i_1_n_0  |                             |                5 |              8 |         1.60 |
|  i_axis_clk_IBUF_BUFG | sample_buffer[86][7]_i_1_n_0 |                             |                1 |              8 |         8.00 |
|  i_axis_clk_IBUF_BUFG | sample_buffer[85][7]_i_1_n_0 |                             |                1 |              8 |         8.00 |
|  i_axis_clk_IBUF_BUFG | sample_buffer[72][7]_i_1_n_0 |                             |                1 |              8 |         8.00 |
|  i_axis_clk_IBUF_BUFG | sample_buffer[83][7]_i_1_n_0 |                             |                1 |              8 |         8.00 |
|  i_axis_clk_IBUF_BUFG | sample_buffer[82][7]_i_1_n_0 |                             |                1 |              8 |         8.00 |
|  i_axis_clk_IBUF_BUFG | sample_buffer[81][7]_i_1_n_0 |                             |                1 |              8 |         8.00 |
|  i_axis_clk_IBUF_BUFG | sample_buffer[80][7]_i_1_n_0 |                             |                2 |              8 |         4.00 |
|  i_axis_clk_IBUF_BUFG | sample_buffer[7][7]_i_1_n_0  |                             |                4 |              8 |         2.00 |
|  i_axis_clk_IBUF_BUFG | sample_buffer[79][7]_i_1_n_0 |                             |                8 |              8 |         1.00 |
|  i_axis_clk_IBUF_BUFG | sample_buffer[78][7]_i_1_n_0 |                             |                2 |              8 |         4.00 |
|  i_axis_clk_IBUF_BUFG | sample_buffer[77][7]_i_1_n_0 |                             |                1 |              8 |         8.00 |
|  i_axis_clk_IBUF_BUFG | sample_buffer[76][7]_i_1_n_0 |                             |                1 |              8 |         8.00 |
|  i_axis_clk_IBUF_BUFG | sample_buffer[75][7]_i_1_n_0 |                             |                1 |              8 |         8.00 |
|  i_axis_clk_IBUF_BUFG | sample_buffer[74][7]_i_1_n_0 |                             |                1 |              8 |         8.00 |
|  i_axis_clk_IBUF_BUFG | sample_buffer[73][7]_i_1_n_0 |                             |                1 |              8 |         8.00 |
|  i_axis_clk_IBUF_BUFG | sample_buffer[39][7]_i_1_n_0 |                             |                1 |              8 |         8.00 |
|  i_axis_clk_IBUF_BUFG | sample_buffer[24][7]_i_1_n_0 |                             |                2 |              8 |         4.00 |
|  i_axis_clk_IBUF_BUFG | sample_buffer[23][7]_i_1_n_0 |                             |                4 |              8 |         2.00 |
|  i_axis_clk_IBUF_BUFG | sample_buffer[19][7]_i_1_n_0 |                             |                1 |              8 |         8.00 |
|  i_axis_clk_IBUF_BUFG | sample_buffer[18][7]_i_1_n_0 |                             |                1 |              8 |         8.00 |
|  i_axis_clk_IBUF_BUFG | sample_buffer[17][7]_i_1_n_0 |                             |                1 |              8 |         8.00 |
|  i_axis_clk_IBUF_BUFG | sample_buffer[44][7]_i_1_n_0 |                             |                2 |              8 |         4.00 |
|  i_axis_clk_IBUF_BUFG | sample_buffer[43][7]_i_1_n_0 |                             |                1 |              8 |         8.00 |
|  i_axis_clk_IBUF_BUFG | sample_buffer[42][7]_i_1_n_0 |                             |                1 |              8 |         8.00 |
|  i_axis_clk_IBUF_BUFG | sample_buffer[41][7]_i_1_n_0 |                             |                1 |              8 |         8.00 |
|  i_axis_clk_IBUF_BUFG | sample_buffer[40][7]_i_1_n_0 |                             |                1 |              8 |         8.00 |
|  i_axis_clk_IBUF_BUFG | sample_buffer[3][7]_i_1_n_0  |                             |                1 |              8 |         8.00 |
|  i_axis_clk_IBUF_BUFG | sample_buffer[21][7]_i_1_n_0 |                             |                2 |              8 |         4.00 |
|  i_axis_clk_IBUF_BUFG | sample_buffer[38][7]_i_1_n_0 |                             |                1 |              8 |         8.00 |
|  i_axis_clk_IBUF_BUFG | sample_buffer[34][7]_i_1_n_0 |                             |                1 |              8 |         8.00 |
|  i_axis_clk_IBUF_BUFG | sample_buffer[33][7]_i_1_n_0 |                             |                5 |              8 |         1.60 |
|  i_axis_clk_IBUF_BUFG | sample_buffer[32][7]_i_1_n_0 |                             |                2 |              8 |         4.00 |
|  i_axis_clk_IBUF_BUFG | sample_buffer[31][7]_i_1_n_0 |                             |                8 |              8 |         1.00 |
|  i_axis_clk_IBUF_BUFG | sample_buffer[30][7]_i_1_n_0 |                             |                1 |              8 |         8.00 |
|  i_axis_clk_IBUF_BUFG | sample_buffer[2][7]_i_1_n_0  |                             |                1 |              8 |         8.00 |
|  i_axis_clk_IBUF_BUFG | sample_buffer[16][7]_i_1_n_0 |                             |                2 |              8 |         4.00 |
|  i_axis_clk_IBUF_BUFG | sample_buffer[15][7]_i_1_n_0 |                             |                1 |              8 |         8.00 |
|  i_axis_clk_IBUF_BUFG | sample_buffer[14][7]_i_1_n_0 |                             |                1 |              8 |         8.00 |
|  i_axis_clk_IBUF_BUFG | sample_buffer[13][7]_i_1_n_0 |                             |                1 |              8 |         8.00 |
|  i_axis_clk_IBUF_BUFG | sample_buffer[26][7]_i_1_n_0 |                             |                5 |              8 |         1.60 |
|  i_axis_clk_IBUF_BUFG | sample_buffer[22][7]_i_1_n_0 |                             |                1 |              8 |         8.00 |
|  i_axis_clk_IBUF_BUFG | sample_buffer[20][7]_i_1_n_0 |                             |                1 |              8 |         8.00 |
|  i_axis_clk_IBUF_BUFG | sample_buffer[1][7]_i_1_n_0  |                             |                4 |              8 |         2.00 |
|  i_axis_clk_IBUF_BUFG | sample_buffer[12][7]_i_1_n_0 |                             |                3 |              8 |         2.67 |
|  i_axis_clk_IBUF_BUFG | sample_buffer[11][7]_i_1_n_0 |                             |                1 |              8 |         8.00 |
|  i_axis_clk_IBUF_BUFG | sample_buffer[10][7]_i_1_n_0 |                             |                1 |              8 |         8.00 |
|  i_axis_clk_IBUF_BUFG | sample_buffer[0][7]_i_1_n_0  |                             |                4 |              8 |         2.00 |
|  i_axis_clk_IBUF_BUFG | sample_buffer[97][7]_i_1_n_0 |                             |                2 |              8 |         4.00 |
|  i_axis_clk_IBUF_BUFG | sample_buffer[89][7]_i_1_n_0 |                             |                1 |              8 |         8.00 |
|  i_axis_clk_IBUF_BUFG | sample_buffer[88][7]_i_1_n_0 |                             |                1 |              8 |         8.00 |
|  i_axis_clk_IBUF_BUFG | sample_buffer[87][7]_i_1_n_0 |                             |                1 |              8 |         8.00 |
|  i_axis_clk_IBUF_BUFG | sample_buffer[51][7]_i_1_n_0 |                             |                1 |              8 |         8.00 |
|  i_axis_clk_IBUF_BUFG | sample_buffer[50][7]_i_1_n_0 |                             |                1 |              8 |         8.00 |
|  i_axis_clk_IBUF_BUFG | sample_buffer[4][7]_i_1_n_0  |                             |                1 |              8 |         8.00 |
|  i_axis_clk_IBUF_BUFG | sample_buffer[49][7]_i_1_n_0 |                             |                1 |              8 |         8.00 |
|  i_axis_clk_IBUF_BUFG | sample_buffer[48][7]_i_1_n_0 |                             |                1 |              8 |         8.00 |
|  i_axis_clk_IBUF_BUFG | sample_buffer[47][7]_i_1_n_0 |                             |                7 |              8 |         1.14 |
|  i_axis_clk_IBUF_BUFG | sample_buffer[46][7]_i_1_n_0 |                             |                1 |              8 |         8.00 |
|  i_axis_clk_IBUF_BUFG | sample_buffer[45][7]_i_1_n_0 |                             |                1 |              8 |         8.00 |
|  i_axis_clk_IBUF_BUFG | sample_buffer[37][7]_i_1_n_0 |                             |                2 |              8 |         4.00 |
|  i_axis_clk_IBUF_BUFG | sample_buffer[36][7]_i_1_n_0 |                             |                6 |              8 |         1.33 |
|  i_axis_clk_IBUF_BUFG | sample_buffer[35][7]_i_1_n_0 |                             |                3 |              8 |         2.67 |
|  i_axis_clk_IBUF_BUFG | sample_buffer[25][7]_i_1_n_0 |                             |                2 |              8 |         4.00 |
|  i_axis_clk_IBUF_BUFG | last_stamp0                  |                             |               11 |             38 |         3.45 |
|  i_axis_clk_IBUF_BUFG | out_valid3_out               |                             |               20 |             64 |         3.20 |
|  i_axis_clk_IBUF_BUFG | s_hi_im_0_sq[16]_i_1_n_0     |                             |               32 |             76 |         2.38 |
|  i_axis_clk_IBUF_BUFG | cmult_lo/in_ready0           |                             |               40 |            128 |         3.20 |
|  i_axis_clk_IBUF_BUFG |                              |                             |              193 |            625 |         3.24 |
+-----------------------+------------------------------+-----------------------------+------------------+----------------+--------------+


